2242
8596
2000
2386
3201
6895
3892
8377
4494
1867
4
2044
6480
2186
1521
4277
5977
1491
496
4667
9392
6825
7562
6353
4658
6567
7508
6581
4387
8663
9947
3393
2024
2215
2511
3090
9421
8108
7905
1753
5244
8319
3189
7626
771
9397
847
6338
816
6344
4892
2030
9911
7202
6429
1566
8281
7930
4430
512
7893
181
2373
3264
1869
3429
308
230
2184
272
8115
8967
7388
8674
9708
3077
3618
5396
8877
315
609
9404
5844
9183
3770
5492
8618
7381
2701
5492
6951
3765
1891
7444
9122
6934
673
7584
3632
7772
